// Vitest Snapshot v1, https://vitest.dev/guide/snapshot.html

exports[`BreadCrumbs > matches snapshot 1`] = `
<nav
  aria-label="bread crumbs navigation"
  class="MuiTypography-root MuiTypography-body1 MuiBreadcrumbs-root css-ew5kxy-MuiTypography-root-MuiBreadcrumbs-root"
>
  <ol
    class="MuiBreadcrumbs-ol css-1uwp4ue-MuiBreadcrumbs-ol"
  >
    <li
      class="MuiBreadcrumbs-li"
    >
      <button
        aria-label="Navigate to Home"
        class="MuiButtonBase-root css-14wtwx-MuiButtonBase-root"
        tabindex="0"
        type="button"
      >
        <span
          class="MuiTypography-root MuiTypography-h6 css-1miy0lu-MuiTypography-root"
        >
          Home
        </span>
      </button>
    </li>
    <li
      aria-hidden="true"
      class="MuiBreadcrumbs-separator css-jhr02i-MuiBreadcrumbs-separator"
    >
      <svg
        aria-hidden="true"
        class="MuiSvgIcon-root MuiSvgIcon-fontSizeMedium css-by6kcm-MuiSvgIcon-root"
        data-testid="ChevronRightIcon"
        focusable="false"
        viewBox="0 0 24 24"
      >
        <path
          d="M10 6 8.59 7.41 13.17 12l-4.58 4.59L10 18l6-6z"
        />
      </svg>
    </li>
    <li
      class="MuiBreadcrumbs-li"
    >
      <button
        aria-label="Navigate to Expenses"
        class="MuiButtonBase-root css-14wtwx-MuiButtonBase-root"
        tabindex="0"
        type="button"
      >
        <span
          class="MuiTypography-root MuiTypography-h6 css-1miy0lu-MuiTypography-root"
        >
          Expenses
        </span>
      </button>
    </li>
    <li
      aria-hidden="true"
      class="MuiBreadcrumbs-separator css-jhr02i-MuiBreadcrumbs-separator"
    >
      <svg
        aria-hidden="true"
        class="MuiSvgIcon-root MuiSvgIcon-fontSizeMedium css-by6kcm-MuiSvgIcon-root"
        data-testid="ChevronRightIcon"
        focusable="false"
        viewBox="0 0 24 24"
      >
        <path
          d="M10 6 8.59 7.41 13.17 12l-4.58 4.59L10 18l6-6z"
        />
      </svg>
    </li>
    <li
      class="MuiBreadcrumbs-li"
    >
      <button
        aria-label="Navigate to Travel"
        class="MuiButtonBase-root css-14wtwx-MuiButtonBase-root"
        tabindex="0"
        type="button"
      >
        <span
          class="MuiTypography-root MuiTypography-h6 css-1miy0lu-MuiTypography-root"
        >
          Travel
        </span>
      </button>
    </li>
  </ol>
</nav>
`;
