// Vitest Snapshot v1, https://vitest.dev/guide/snapshot.html

exports[`BreadCrumb > matches snapshot 1`] = `
<button
  aria-label="Navigate to Expenses"
  class="MuiButtonBase-root css-1a04c1h-MuiButtonBase-root"
  tabindex="0"
  type="button"
>
  <span
    class="MuiTypography-root MuiTypography-body2 css-7ctihp-MuiTypography-root"
  >
    Expenses
  </span>
</button>
`;
