// Vitest Snapshot v1, https://vitest.dev/guide/snapshot.html

exports[`BreadCrumb > matches snapshot 1`] = `
<button
  aria-label="Navigate to Expenses"
  class="MuiButtonBase-root css-14wtwx-MuiButtonBase-root"
  tabindex="0"
  type="button"
>
  <span
    class="MuiTypography-root MuiTypography-h6 css-1miy0lu-MuiTypography-root"
  >
    Expenses
  </span>
</button>
`;
